
> react-example@0.0.0 build
> vite build && esbuild server.ts --bundle --platform=node --format=cjs --packages=external --sourcemap --outfile=dist/server.cjs

vite v6.4.2 building for production...
transforming...
✓ 2875 modules transformed.
rendering chunks...
dist/index.html                              135.16 kB
dist/assets/index-BesOWS6s.css               129.49 kB
dist/assets/check-DW6GXYFL.js                  0.29 kB
dist/assets/chevron-left-BhvDBlCy.js           0.30 kB
dist/assets/chevron-right-BB9lXIkU.js          0.30 kB
dist/assets/loader-circle-C_yD8fGn.js          0.31 kB
dist/assets/plus-B4K15ZXL.js                   0.33 kB
dist/assets/x-IaRg2_W7.js                      0.33 kB
dist/assets/clock-CILSZcV9.js                  0.34 kB
dist/assets/arrow-right-CGU7o_YA.js            0.34 kB
dist/assets/arrow-left-DppTKbYf.js             0.34 kB
dist/assets/search-BQ6dOmub.js                 0.34 kB
dist/assets/circle-check-CaYk2VY2.js           0.35 kB
dist/assets/menu-DCHIEBnv.js                   0.36 kB
dist/assets/circle-x-LDcKhPmL.js               0.38 kB
dist/assets/credit-card-DqGgVpXg.js            0.38 kB
dist/assets/mail-BJwah9sk.js                   0.39 kB
dist/assets/square-check-big-BPX9eg7d.js       0.40 kB
dist/assets/upload-Bb8FLkyc.js                 0.40 kB
dist/assets/copy-C7qVWvXQ.js                   0.40 kB
dist/assets/download-BMPkwuQC.js               0.41 kB
dist/assets/message-square-CAdMk3o-.js         0.41 kB
dist/assets/globe-BHyZS1mT.js                  0.41 kB
dist/assets/banknote-DWxybnLE.js               0.41 kB
dist/assets/circle-alert-C0gKWiox.js           0.42 kB
dist/assets/chart-column-D0BDe0ir.js           0.42 kB
dist/assets/map-pin-CrJXbrny.js                0.43 kB
dist/assets/calendar-BzZY77Z5.js               0.43 kB
dist/assets/heart-YuJ5qJFP.js                  0.43 kB
dist/assets/zap-DDU-d8sQ.js                    0.44 kB
dist/assets/shield-CF51IUSe.js                 0.44 kB
dist/assets/pencil-mCbTxZwT.js                 0.45 kB
dist/assets/bell-B5GqMaKE.js                   0.46 kB
dist/assets/send-Ci3UjiLr.js                   0.46 kB
dist/assets/users-DNm6xFwh.js                  0.48 kB
dist/assets/scissors-Df01sXLX.js               0.48 kB
dist/assets/shield-check-D440qmB5.js           0.49 kB
dist/assets/tag-Bsz_s1gu.js                    0.49 kB
dist/assets/save-BBfvq5TG.js                   0.50 kB
dist/assets/trash-2-B9n2rYlA.js                0.50 kB
dist/assets/file-text-IXaQ2_VH.js              0.51 kB
dist/assets/camera-Dxg870i_.js                 0.51 kB
dist/assets/shopping-bag-BizWeoUn.js           0.51 kB
dist/assets/key-round-CHQHC9Ov.js              0.52 kB
dist/assets/partnerRouting-DmQc4UVg.js         0.54 kB
dist/assets/package-CS9Rch1M.js                0.55 kB
dist/assets/building-2-7_18as6E.js             0.56 kB
dist/assets/landmark-Cbw-vdIk.js               0.57 kB
dist/assets/star-DZ7Knq5D.js                   0.65 kB
dist/assets/settings-ChjYdeoC.js               0.66 kB
dist/assets/sparkles-B-iuKN9a.js               0.67 kB
dist/assets/marketingHelper-DURzOUJr.js        0.71 kB
dist/assets/qr-code-DAlw4-0y.js                0.82 kB
dist/assets/imageOptimizer-BXjqf0oi.js         0.97 kB
dist/assets/TabletTab-DrcYJpGB.js              0.98 kB
dist/assets/eye-raHQdybq.js                    0.98 kB
dist/assets/geoData-CgVsrjgX.js                1.51 kB
dist/assets/reviewsHelper-qb0tGaaA.js          1.81 kB
dist/assets/ContentLayout-CRq7na-4.js          1.99 kB
dist/assets/DynamicLegalPage-eTDBjvom.js       2.22 kB
dist/assets/categoriesData--a-W5dMr.js         2.34 kB
dist/assets/FaqCliente-D5f07Uyu.js             3.60 kB
dist/assets/Seguranca-B83uRHRQ.js              3.68 kB
dist/assets/FaqParceiro-DRlji0PM.js            3.81 kB
dist/assets/MessagesTab-CUArraRl.js            4.32 kB
dist/assets/Pagamentos-BffRwb5i.js             4.75 kB
dist/assets/Cookies-B2Dz_Q0A.js                5.00 kB
dist/assets/PaymentSuccess-GEM7Uipz.js         5.03 kB
dist/assets/Sobre-C20CMfmy.js                  5.11 kB
dist/assets/Cancelamentos-DbRNffwb.js          5.68 kB
dist/assets/Termos-YYGMxq6c.js                 6.73 kB
dist/assets/UpdatePassword-Ddc46pBl.js         6.92 kB
dist/assets/Favorites-CEC0Xf7D.js              7.41 kB
dist/assets/AdminLogin-DbXfWBv_.js             8.67 kB
dist/assets/HoursTab-ZFqOkrS1.js               8.96 kB
dist/assets/GlamzoMessenger-DxdEIrFp.js        9.67 kB
dist/assets/Contactos-Cxh_5ynk.js             10.13 kB
dist/assets/StaffLogin-BHoeDJP-.js            10.54 kB
dist/assets/PartnerLogin-D9QdnQxr.js          10.54 kB
dist/assets/DashboardCalendar-ChfgNpFJ.js     10.78 kB
dist/assets/Privacidade-CGFhbd5m.js           11.63 kB
dist/assets/Login-BBAJc8aD.js                 11.70 kB
dist/assets/SuperAdminLogistics-D5mr2V0Q.js   13.32 kB
dist/assets/PartnerReviewsTab-B3VTbEgj.js     13.80 kB
dist/assets/ReservationsTab-C9aiQiez.js       14.33 kB
dist/assets/MarketingTab-I13V4-5O.js          16.55 kB
dist/assets/Signup-BJLzy6nK.js                19.17 kB
dist/assets/ClientsTab-npx3johQ.js            20.26 kB
dist/assets/ServicesTab-CS1SFP35.js           20.37 kB
dist/assets/PartnerSignup-DJSbAxzK.js         23.01 kB
dist/assets/StoreAssetsTab-D_z0UD7p.js        24.84 kB
dist/assets/financeService-T2Z5jti1.js        26.45 kB
dist/assets/PartnerLayout-wysqbmfl.js         26.96 kB
dist/assets/Partner-CH-LsZJa.js               28.94 kB
dist/assets/OverviewTab-DuKyfTik.js           30.38 kB
dist/assets/UniversalDisputes-BEbRvAhW.js     30.67 kB
dist/assets/StaffDashboard-BVoSaMA4.js        31.73 kB
dist/assets/SettingsTab-Dp1xO96k.js           32.16 kB
dist/assets/StaffTab-FurMXA-F.js              32.74 kB
dist/assets/AgendaTab-DGW1ChGC.js             33.21 kB
dist/assets/SubscriptionTab-B-AVnzbs.js       33.89 kB
dist/assets/Home-DG6_XB08.js                  35.42 kB
dist/assets/FinanceTab-BkZuYc-S.js            36.53 kB
dist/assets/Explore-DZkYEA7D.js               37.03 kB
dist/assets/index.modern-VB2xs8Lx.js          39.01 kB
dist/assets/SetupWizard-CgNH3h1m.js           63.20 kB
dist/assets/vendor-core-BPYw-Vhq.js           69.18 kB
dist/assets/BusinessDetail-DVQmwe5d.js        74.57 kB
dist/assets/Account-CyFwtlPH.js               88.00 kB
dist/assets/vendor-supabase-BYBfiHzV.js      210.50 kB
dist/assets/Admin-CJkHmIqQ.js                265.39 kB
dist/assets/vendor-charts-DbwSJLHs.js        395.22 kB
dist/assets/index-D7iOFLN0.js                600.46 kB
✓ built in 18.67s

  dist/server.cjs      102.7kb
  dist/server.cjs.map  161.0kb

⚡ Done in 99ms
